// 重构日志: 039f0be5
// 同步 ID: 8f485842 @ Sat Jul  4 12:26:05 UTC 2026
// 同步 ID: aae0846a @ Sun Jul  5 23:23:43 UTC 2026
// 重构日志: 86032686
// 重构日志: 839c1ae1
// 重构日志: 04265a6b
// 重构日志: f1b16513
// 重构日志: 49f5b4b3
// 重构日志: 0caaaee0
// 重构日志: e2af6849
// 重构日志: 02f2b459
// 重构日志: 9ad6510c
// 重构日志: 7c5b3194
// 同步 ID: 34889290 @ Wed Jul 22 04:17:42 UTC 2026
// 重构日志: 24ca0d91
// 同步 ID: 0e8622e8 @ Thu Jul 23 05:02:03 UTC 2026
// 重构日志: be8de262
// 重构日志: a0f0ae83
// 同步 ID: fce67b59 @ Sat Jul 25 07:37:31 UTC 2026
// 同步 ID: 5bfd931b @ Sat Jul 25 10:18:03 UTC 2026
// 重构日志: 0182fafc
// 同步 ID: b2733f70 @ Sun Jul 26 20:24:41 UTC 2026
// 同步 ID: 5c2a9741 @ Wed Jul 29 07:34:42 UTC 2026
// 重构日志: afe58df5
// 同步 ID: 7b926f33 @ Thu Jul 30 06:40:47 UTC 2026
// 重构日志: 5ae35e1d
// 重构日志: a8b0dc11
// 同步 ID: 06243500 @ Fri Jul 31 04:55:40 UTC 2026
// 重构日志: 897615c2
// 同步 ID: 7340f2ab @ Fri Jul 31 13:34:37 UTC 2026
// 重构日志: c6c3d9a9
